2026-05-08 15:36:54,079 INFO [nasdaq_ml.engine] Fold   0 [1990-03-27 – 1991-03-27]: RF=0.423 XGB=0.411
2026-05-08 15:36:55,231 INFO [nasdaq_ml.engine] Fold   1 [1990-09-27 – 1991-09-27]: RF=0.289 XGB=0.502
2026-05-08 15:36:56,550 INFO [nasdaq_ml.engine] Fold   2 [1991-03-27 – 1992-03-27]: RF=0.260 XGB=0.484
2026-05-08 15:36:57,687 INFO [nasdaq_ml.engine] Fold   3 [1991-09-27 – 1992-09-27]: RF=0.269 XGB=0.494
2026-05-08 15:36:58,922 INFO [nasdaq_ml.engine] Fold   4 [1992-03-27 – 1993-03-27]: RF=0.296 XGB=0.312
2026-05-08 15:37:00,050 INFO [nasdaq_ml.engine] Fold   5 [1992-09-27 – 1993-09-27]: RF=0.270 XGB=0.393
2026-05-08 15:37:01,105 INFO [nasdaq_ml.engine] Fold   6 [1993-03-27 – 1994-03-27]: RF=0.431 XGB=0.502
2026-05-08 15:37:02,177 INFO [nasdaq_ml.engine] Fold   7 [1993-09-27 – 1994-09-27]: RF=0.447 XGB=0.209
2026-05-08 15:37:03,451 INFO [nasdaq_ml.engine] Fold   8 [1994-03-27 – 1995-03-27]: RF=0.402 XGB=0.151
2026-05-08 15:37:04,949 INFO [nasdaq_ml.engine] Fold   9 [1994-09-27 – 1995-09-27]: RF=0.502 XGB=0.455
2026-05-08 15:37:06,540 INFO [nasdaq_ml.engine] Fold  10 [1995-03-27 – 1996-03-27]: RF=0.386 XGB=0.327
2026-05-08 15:37:07,680 INFO [nasdaq_ml.engine] Fold  11 [1995-09-27 – 1996-09-27]: RF=0.398 XGB=0.280
2026-05-08 15:37:08,826 INFO [nasdaq_ml.engine] Fold  12 [1996-03-27 – 1997-03-27]: RF=0.312 XGB=0.300
2026-05-08 15:37:10,033 INFO [nasdaq_ml.engine] Fold  13 [1996-09-27 – 1997-09-27]: RF=0.336 XGB=0.427
2026-05-08 15:37:11,453 INFO [nasdaq_ml.engine] Fold  14 [1997-03-27 – 1998-03-27]: RF=0.278 XGB=0.389
2026-05-08 15:37:13,082 INFO [nasdaq_ml.engine] Fold  15 [1997-09-27 – 1998-09-27]: RF=0.355 XGB=0.323
2026-05-08 15:37:14,248 INFO [nasdaq_ml.engine] Fold  16 [1998-03-27 – 1999-03-27]: RF=0.444 XGB=0.321
2026-05-08 15:37:15,409 INFO [nasdaq_ml.engine] Fold  17 [1998-09-27 – 1999-09-27]: RF=0.430 XGB=0.506
2026-05-08 15:37:16,587 INFO [nasdaq_ml.engine] Fold  18 [1999-03-27 – 2000-03-27]: RF=0.337 XGB=0.282
2026-05-08 15:37:18,203 INFO [nasdaq_ml.engine] Fold  19 [1999-09-27 – 2000-09-27]: RF=0.378 XGB=0.280
2026-05-08 15:37:19,481 INFO [nasdaq_ml.engine] Fold  20 [2000-03-27 – 2001-03-27]: RF=0.329 XGB=0.187
2026-05-08 15:37:20,753 INFO [nasdaq_ml.engine] Fold  21 [2000-09-27 – 2001-09-27]: RF=0.310 XGB=0.331
2026-05-08 15:37:21,920 INFO [nasdaq_ml.engine] Fold  22 [2001-03-27 – 2002-03-27]: RF=0.363 XGB=0.339
2026-05-08 15:37:23,307 INFO [nasdaq_ml.engine] Fold  23 [2001-09-27 – 2002-09-27]: RF=0.389 XGB=0.242
2026-05-08 15:37:24,641 INFO [nasdaq_ml.engine] Fold  24 [2002-03-27 – 2003-03-27]: RF=0.353 XGB=0.234
2026-05-08 15:37:26,056 INFO [nasdaq_ml.engine] Fold  25 [2002-09-27 – 2003-09-27]: RF=0.290 XGB=0.421
2026-05-08 15:37:27,478 INFO [nasdaq_ml.engine] Fold  26 [2003-03-27 – 2004-03-27]: RF=0.320 XGB=0.387
2026-05-08 15:37:28,769 INFO [nasdaq_ml.engine] Fold  27 [2003-09-27 – 2004-09-27]: RF=0.308 XGB=0.344
2026-05-08 15:37:30,081 INFO [nasdaq_ml.engine] Fold  28 [2004-03-27 – 2005-03-27]: RF=0.388 XGB=0.240
2026-05-08 15:37:31,272 INFO [nasdaq_ml.engine] Fold  29 [2004-09-27 – 2005-09-27]: RF=0.597 XGB=0.178
2026-05-08 15:37:32,651 INFO [nasdaq_ml.engine] Fold  30 [2005-03-27 – 2006-03-27]: RF=0.627 XGB=0.242
2026-05-08 15:37:33,791 INFO [nasdaq_ml.engine] Fold  31 [2005-09-27 – 2006-09-27]: RF=0.508 XGB=0.179
2026-05-08 15:37:35,220 INFO [nasdaq_ml.engine] Fold  32 [2006-03-27 – 2007-03-27]: RF=0.558 XGB=0.319
2026-05-08 15:37:36,831 INFO [nasdaq_ml.engine] Fold  33 [2006-09-27 – 2007-09-27]: RF=0.570 XGB=0.466
2026-05-08 15:37:38,570 INFO [nasdaq_ml.engine] Fold  34 [2007-03-27 – 2008-03-27]: RF=0.437 XGB=0.349
2026-05-08 15:37:39,999 INFO [nasdaq_ml.engine] Fold  35 [2007-09-27 – 2008-09-27]: RF=0.348 XGB=0.348
2026-05-08 15:37:41,459 INFO [nasdaq_ml.engine] Fold  36 [2008-03-27 – 2009-03-27]: RF=0.360 XGB=0.356
2026-05-08 15:37:42,740 INFO [nasdaq_ml.engine] Fold  37 [2008-09-27 – 2009-09-27]: RF=0.390 XGB=0.299
2026-05-08 15:37:44,029 INFO [nasdaq_ml.engine] Fold  38 [2009-03-27 – 2010-03-27]: RF=0.421 XGB=0.448
2026-05-08 15:37:45,370 INFO [nasdaq_ml.engine] Fold  39 [2009-09-27 – 2010-09-27]: RF=0.438 XGB=0.398
2026-05-08 15:37:46,734 INFO [nasdaq_ml.engine] Fold  40 [2010-03-27 – 2011-03-27]: RF=0.444 XGB=0.397
2026-05-08 15:37:48,116 INFO [nasdaq_ml.engine] Fold  41 [2010-09-27 – 2011-09-27]: RF=0.502 XGB=0.415
2026-05-08 15:37:49,468 INFO [nasdaq_ml.engine] Fold  42 [2011-03-27 – 2012-03-27]: RF=0.433 XGB=0.377
2026-05-08 15:37:51,106 INFO [nasdaq_ml.engine] Fold  43 [2011-09-27 – 2012-09-27]: RF=0.395 XGB=0.261
2026-05-08 15:37:52,447 INFO [nasdaq_ml.engine] Fold  44 [2012-03-27 – 2013-03-27]: RF=0.444 XGB=0.260
2026-05-08 15:37:53,648 INFO [nasdaq_ml.engine] Fold  45 [2012-09-27 – 2013-09-27]: RF=0.516 XGB=0.160
2026-05-08 15:37:54,895 INFO [nasdaq_ml.engine] Fold  46 [2013-03-27 – 2014-03-27]: RF=0.536 XGB=0.302
2026-05-08 15:37:56,348 INFO [nasdaq_ml.engine] Fold  47 [2013-09-27 – 2014-09-27]: RF=0.595 XGB=0.417
2026-05-08 15:37:57,548 INFO [nasdaq_ml.engine] Fold  48 [2014-03-27 – 2015-03-27]: RF=0.575 XGB=0.429
2026-05-08 15:37:59,353 INFO [nasdaq_ml.engine] Fold  49 [2014-09-27 – 2015-09-27]: RF=0.422 XGB=0.402
2026-05-08 15:38:01,140 INFO [nasdaq_ml.engine] Fold  50 [2015-03-27 – 2016-03-27]: RF=0.359 XGB=0.351
2026-05-08 15:38:02,772 INFO [nasdaq_ml.engine] Fold  51 [2015-09-27 – 2016-09-27]: RF=0.516 XGB=0.532
2026-05-08 15:38:03,994 INFO [nasdaq_ml.engine] Fold  52 [2016-03-27 – 2017-03-27]: RF=0.512 XGB=0.389
2026-05-08 15:38:05,423 INFO [nasdaq_ml.engine] Fold  53 [2016-09-27 – 2017-09-27]: RF=0.405 XGB=0.198
2026-05-08 15:38:06,595 INFO [nasdaq_ml.engine] Fold  54 [2017-03-27 – 2018-03-27]: RF=0.623 XGB=0.143
2026-05-08 15:38:08,495 INFO [nasdaq_ml.engine] Fold  55 [2017-09-27 – 2018-09-27]: RF=0.599 XGB=0.524
2026-05-08 15:38:09,992 INFO [nasdaq_ml.engine] Fold  56 [2018-03-27 – 2019-03-27]: RF=0.498 XGB=0.550
2026-05-08 15:38:11,307 INFO [nasdaq_ml.engine] Fold  57 [2018-09-27 – 2019-09-27]: RF=0.478 XGB=0.466
2026-05-08 15:38:12,519 INFO [nasdaq_ml.engine] Fold  58 [2019-03-27 – 2020-03-27]: RF=0.435 XGB=0.514
2026-05-08 15:38:13,732 INFO [nasdaq_ml.engine] Fold  59 [2019-09-27 – 2020-09-27]: RF=0.405 XGB=0.413
2026-05-08 15:38:14,794 INFO [nasdaq_ml.engine] Fold  60 [2020-03-27 – 2021-03-27]: RF=0.369 XGB=0.242
2026-05-08 15:38:15,901 INFO [nasdaq_ml.engine] Fold  61 [2020-09-27 – 2021-09-27]: RF=0.378 XGB=0.375
2026-05-08 15:38:16,990 INFO [nasdaq_ml.engine] Fold  62 [2021-03-27 – 2022-03-27]: RF=0.337 XGB=0.437
2026-05-08 15:38:18,084 INFO [nasdaq_ml.engine] Fold  63 [2021-09-27 – 2022-09-27]: RF=0.341 XGB=0.345
2026-05-08 15:38:19,149 INFO [nasdaq_ml.engine] Fold  64 [2022-03-27 – 2023-03-27]: RF=0.376 XGB=0.392
2026-05-08 15:38:20,249 INFO [nasdaq_ml.engine] Fold  65 [2022-09-27 – 2023-09-27]: RF=0.367 XGB=0.422
2026-05-08 15:38:21,469 INFO [nasdaq_ml.engine] Fold  66 [2023-03-27 – 2024-03-27]: RF=0.425 XGB=0.341
2026-05-08 15:38:22,569 INFO [nasdaq_ml.engine] Fold  67 [2023-09-27 – 2024-09-27]: RF=0.508 XGB=0.349
2026-05-08 15:38:23,846 INFO [nasdaq_ml.engine] Fold  68 [2024-03-27 – 2025-03-27]: RF=0.404 XGB=0.384
2026-05-08 15:38:24,911 INFO [nasdaq_ml.engine] Fold  69 [2024-09-27 – 2025-09-27]: RF=0.412 XGB=0.228
2026-05-08 15:38:25,223 INFO [nasdaq_ml.engine] Fold  70 [2025-03-27 – 2026-03-27]: RF=0.382 XGB=0.259
2026-05-08 15:38:25,314 INFO [nasdaq_ml.engine] Backtest complete: CAGR=0.00% Sharpe=-258.45 MaxDD=-0.09%
2026-05-08 15:58:55,633 INFO [nasdaq_ml.engine] Fold   0 [1990-03-27 – 1991-03-27]: RF=0.423 XGB=0.411
2026-05-08 15:58:56,057 INFO [nasdaq_ml.engine] Fold   1 [1990-09-27 – 1991-09-27]: RF=0.289 XGB=0.502
2026-05-08 15:58:56,479 INFO [nasdaq_ml.engine] Fold   2 [1991-03-27 – 1992-03-27]: RF=0.260 XGB=0.484
2026-05-08 15:58:56,908 INFO [nasdaq_ml.engine] Fold   3 [1991-09-27 – 1992-09-27]: RF=0.269 XGB=0.494
2026-05-08 15:58:57,446 INFO [nasdaq_ml.engine] Fold   4 [1992-03-27 – 1993-03-27]: RF=0.296 XGB=0.312
2026-05-08 15:58:57,918 INFO [nasdaq_ml.engine] Fold   5 [1992-09-27 – 1993-09-27]: RF=0.270 XGB=0.393
2026-05-08 15:58:58,477 INFO [nasdaq_ml.engine] Fold   6 [1993-03-27 – 1994-03-27]: RF=0.431 XGB=0.502
2026-05-08 15:58:58,821 INFO [nasdaq_ml.engine] Fold   7 [1993-09-27 – 1994-09-27]: RF=0.447 XGB=0.209
2026-05-08 15:58:59,242 INFO [nasdaq_ml.engine] Fold   8 [1994-03-27 – 1995-03-27]: RF=0.402 XGB=0.151
2026-05-08 15:58:59,622 INFO [nasdaq_ml.engine] Fold   9 [1994-09-27 – 1995-09-27]: RF=0.502 XGB=0.455
2026-05-08 15:59:00,065 INFO [nasdaq_ml.engine] Fold  10 [1995-03-27 – 1996-03-27]: RF=0.386 XGB=0.327
2026-05-08 15:59:00,412 INFO [nasdaq_ml.engine] Fold  11 [1995-09-27 – 1996-09-27]: RF=0.398 XGB=0.280
2026-05-08 15:59:00,744 INFO [nasdaq_ml.engine] Fold  12 [1996-03-27 – 1997-03-27]: RF=0.312 XGB=0.300
2026-05-08 15:59:01,158 INFO [nasdaq_ml.engine] Fold  13 [1996-09-27 – 1997-09-27]: RF=0.336 XGB=0.427
2026-05-08 15:59:01,588 INFO [nasdaq_ml.engine] Fold  14 [1997-03-27 – 1998-03-27]: RF=0.278 XGB=0.389
2026-05-08 15:59:01,969 INFO [nasdaq_ml.engine] Fold  15 [1997-09-27 – 1998-09-27]: RF=0.355 XGB=0.323
2026-05-08 15:59:02,348 INFO [nasdaq_ml.engine] Fold  16 [1998-03-27 – 1999-03-27]: RF=0.444 XGB=0.321
2026-05-08 15:59:02,735 INFO [nasdaq_ml.engine] Fold  17 [1998-09-27 – 1999-09-27]: RF=0.430 XGB=0.506
2026-05-08 15:59:03,251 INFO [nasdaq_ml.engine] Fold  18 [1999-03-27 – 2000-03-27]: RF=0.337 XGB=0.282
2026-05-08 15:59:03,597 INFO [nasdaq_ml.engine] Fold  19 [1999-09-27 – 2000-09-27]: RF=0.378 XGB=0.280
2026-05-08 15:59:03,980 INFO [nasdaq_ml.engine] Fold  20 [2000-03-27 – 2001-03-27]: RF=0.329 XGB=0.187
2026-05-08 15:59:04,309 INFO [nasdaq_ml.engine] Fold  21 [2000-09-27 – 2001-09-27]: RF=0.310 XGB=0.331
2026-05-08 15:59:04,667 INFO [nasdaq_ml.engine] Fold  22 [2001-03-27 – 2002-03-27]: RF=0.363 XGB=0.339
2026-05-08 15:59:05,114 INFO [nasdaq_ml.engine] Fold  23 [2001-09-27 – 2002-09-27]: RF=0.389 XGB=0.242
2026-05-08 15:59:05,478 INFO [nasdaq_ml.engine] Fold  24 [2002-03-27 – 2003-03-27]: RF=0.353 XGB=0.234
2026-05-08 15:59:05,863 INFO [nasdaq_ml.engine] Fold  25 [2002-09-27 – 2003-09-27]: RF=0.290 XGB=0.421
2026-05-08 15:59:06,254 INFO [nasdaq_ml.engine] Fold  26 [2003-03-27 – 2004-03-27]: RF=0.320 XGB=0.387
2026-05-08 15:59:06,628 INFO [nasdaq_ml.engine] Fold  27 [2003-09-27 – 2004-09-27]: RF=0.308 XGB=0.344
2026-05-08 15:59:07,015 INFO [nasdaq_ml.engine] Fold  28 [2004-03-27 – 2005-03-27]: RF=0.388 XGB=0.240
2026-05-08 15:59:07,367 INFO [nasdaq_ml.engine] Fold  29 [2004-09-27 – 2005-09-27]: RF=0.597 XGB=0.178
2026-05-08 15:59:07,727 INFO [nasdaq_ml.engine] Fold  30 [2005-03-27 – 2006-03-27]: RF=0.627 XGB=0.242
2026-05-08 15:59:08,106 INFO [nasdaq_ml.engine] Fold  31 [2005-09-27 – 2006-09-27]: RF=0.508 XGB=0.179
2026-05-08 15:59:08,478 INFO [nasdaq_ml.engine] Fold  32 [2006-03-27 – 2007-03-27]: RF=0.558 XGB=0.319
2026-05-08 15:59:08,814 INFO [nasdaq_ml.engine] Fold  33 [2006-09-27 – 2007-09-27]: RF=0.570 XGB=0.466
2026-05-08 15:59:09,240 INFO [nasdaq_ml.engine] Fold  34 [2007-03-27 – 2008-03-27]: RF=0.437 XGB=0.349
2026-05-08 15:59:09,622 INFO [nasdaq_ml.engine] Fold  35 [2007-09-27 – 2008-09-27]: RF=0.348 XGB=0.348
2026-05-08 15:59:10,006 INFO [nasdaq_ml.engine] Fold  36 [2008-03-27 – 2009-03-27]: RF=0.360 XGB=0.356
2026-05-08 15:59:10,404 INFO [nasdaq_ml.engine] Fold  37 [2008-09-27 – 2009-09-27]: RF=0.390 XGB=0.299
2026-05-08 15:59:10,805 INFO [nasdaq_ml.engine] Fold  38 [2009-03-27 – 2010-03-27]: RF=0.421 XGB=0.448
2026-05-08 15:59:11,247 INFO [nasdaq_ml.engine] Fold  39 [2009-09-27 – 2010-09-27]: RF=0.438 XGB=0.398
2026-05-08 15:59:11,625 INFO [nasdaq_ml.engine] Fold  40 [2010-03-27 – 2011-03-27]: RF=0.444 XGB=0.397
2026-05-08 15:59:11,987 INFO [nasdaq_ml.engine] Fold  41 [2010-09-27 – 2011-09-27]: RF=0.502 XGB=0.415
2026-05-08 15:59:12,386 INFO [nasdaq_ml.engine] Fold  42 [2011-03-27 – 2012-03-27]: RF=0.433 XGB=0.377
2026-05-08 15:59:12,776 INFO [nasdaq_ml.engine] Fold  43 [2011-09-27 – 2012-09-27]: RF=0.395 XGB=0.261
2026-05-08 15:59:13,126 INFO [nasdaq_ml.engine] Fold  44 [2012-03-27 – 2013-03-27]: RF=0.444 XGB=0.260
2026-05-08 15:59:13,529 INFO [nasdaq_ml.engine] Fold  45 [2012-09-27 – 2013-09-27]: RF=0.516 XGB=0.160
2026-05-08 15:59:13,972 INFO [nasdaq_ml.engine] Fold  46 [2013-03-27 – 2014-03-27]: RF=0.536 XGB=0.302
2026-05-08 15:59:14,474 INFO [nasdaq_ml.engine] Fold  47 [2013-09-27 – 2014-09-27]: RF=0.595 XGB=0.417
2026-05-08 15:59:14,929 INFO [nasdaq_ml.engine] Fold  48 [2014-03-27 – 2015-03-27]: RF=0.575 XGB=0.429
2026-05-08 15:59:15,394 INFO [nasdaq_ml.engine] Fold  49 [2014-09-27 – 2015-09-27]: RF=0.422 XGB=0.402
2026-05-08 15:59:15,808 INFO [nasdaq_ml.engine] Fold  50 [2015-03-27 – 2016-03-27]: RF=0.359 XGB=0.351
2026-05-08 15:59:16,307 INFO [nasdaq_ml.engine] Fold  51 [2015-09-27 – 2016-09-27]: RF=0.516 XGB=0.532
2026-05-08 15:59:16,750 INFO [nasdaq_ml.engine] Fold  52 [2016-03-27 – 2017-03-27]: RF=0.512 XGB=0.389
2026-05-08 15:59:17,187 INFO [nasdaq_ml.engine] Fold  53 [2016-09-27 – 2017-09-27]: RF=0.405 XGB=0.198
2026-05-08 15:59:17,566 INFO [nasdaq_ml.engine] Fold  54 [2017-03-27 – 2018-03-27]: RF=0.623 XGB=0.143
2026-05-08 15:59:18,084 INFO [nasdaq_ml.engine] Fold  55 [2017-09-27 – 2018-09-27]: RF=0.599 XGB=0.524
2026-05-08 15:59:18,520 INFO [nasdaq_ml.engine] Fold  56 [2018-03-27 – 2019-03-27]: RF=0.498 XGB=0.550
2026-05-08 15:59:18,909 INFO [nasdaq_ml.engine] Fold  57 [2018-09-27 – 2019-09-27]: RF=0.478 XGB=0.466
2026-05-08 15:59:19,302 INFO [nasdaq_ml.engine] Fold  58 [2019-03-27 – 2020-03-27]: RF=0.435 XGB=0.514
2026-05-08 15:59:19,791 INFO [nasdaq_ml.engine] Fold  59 [2019-09-27 – 2020-09-27]: RF=0.405 XGB=0.413
2026-05-08 15:59:20,149 INFO [nasdaq_ml.engine] Fold  60 [2020-03-27 – 2021-03-27]: RF=0.369 XGB=0.242
2026-05-08 15:59:20,571 INFO [nasdaq_ml.engine] Fold  61 [2020-09-27 – 2021-09-27]: RF=0.378 XGB=0.375
2026-05-08 15:59:20,946 INFO [nasdaq_ml.engine] Fold  62 [2021-03-27 – 2022-03-27]: RF=0.337 XGB=0.437
2026-05-08 15:59:21,366 INFO [nasdaq_ml.engine] Fold  63 [2021-09-27 – 2022-09-27]: RF=0.341 XGB=0.345
2026-05-08 15:59:21,893 INFO [nasdaq_ml.engine] Fold  64 [2022-03-27 – 2023-03-27]: RF=0.376 XGB=0.392
2026-05-08 15:59:22,253 INFO [nasdaq_ml.engine] Fold  65 [2022-09-27 – 2023-09-27]: RF=0.367 XGB=0.422
2026-05-08 15:59:22,602 INFO [nasdaq_ml.engine] Fold  66 [2023-03-27 – 2024-03-27]: RF=0.425 XGB=0.341
2026-05-08 15:59:23,038 INFO [nasdaq_ml.engine] Fold  67 [2023-09-27 – 2024-09-27]: RF=0.508 XGB=0.349
2026-05-08 15:59:23,477 INFO [nasdaq_ml.engine] Fold  68 [2024-03-27 – 2025-03-27]: RF=0.404 XGB=0.384
2026-05-08 15:59:23,827 INFO [nasdaq_ml.engine] Fold  69 [2024-09-27 – 2025-09-27]: RF=0.412 XGB=0.228
2026-05-08 15:59:24,245 INFO [nasdaq_ml.engine] Fold  70 [2025-03-27 – 2026-03-27]: RF=0.382 XGB=0.259
2026-05-08 15:59:24,333 INFO [nasdaq_ml.engine] Backtest complete: CAGR=0.00% Sharpe=-258.45 MaxDD=-0.09%
2026-05-08 16:05:04,561 INFO [nasdaq_ml.engine] Filtered to 10 folds with test_end > 2021-05-08
2026-05-08 16:05:04,849 INFO [nasdaq_ml.engine] Fold  61 [2020-09-27 – 2021-09-27]: RF=0.378 XGB=0.375
2026-05-08 16:05:05,139 INFO [nasdaq_ml.engine] Fold  62 [2021-03-27 – 2022-03-27]: RF=0.337 XGB=0.437
2026-05-08 16:05:05,436 INFO [nasdaq_ml.engine] Fold  63 [2021-09-27 – 2022-09-27]: RF=0.341 XGB=0.345
2026-05-08 16:05:05,732 INFO [nasdaq_ml.engine] Fold  64 [2022-03-27 – 2023-03-27]: RF=0.376 XGB=0.392
2026-05-08 16:05:06,042 INFO [nasdaq_ml.engine] Fold  65 [2022-09-27 – 2023-09-27]: RF=0.367 XGB=0.422
2026-05-08 16:05:06,329 INFO [nasdaq_ml.engine] Fold  66 [2023-03-27 – 2024-03-27]: RF=0.425 XGB=0.341
2026-05-08 16:05:06,688 INFO [nasdaq_ml.engine] Fold  67 [2023-09-27 – 2024-09-27]: RF=0.508 XGB=0.349
2026-05-08 16:05:07,006 INFO [nasdaq_ml.engine] Fold  68 [2024-03-27 – 2025-03-27]: RF=0.404 XGB=0.384
2026-05-08 16:05:07,310 INFO [nasdaq_ml.engine] Fold  69 [2024-09-27 – 2025-09-27]: RF=0.412 XGB=0.228
2026-05-08 16:05:07,585 INFO [nasdaq_ml.engine] Fold  70 [2025-03-27 – 2026-03-27]: RF=0.382 XGB=0.259
2026-05-08 16:05:07,603 INFO [nasdaq_ml.engine] Backtest complete: CAGR=-0.00% Sharpe=-1095.06 MaxDD=-0.02%
2026-05-08 16:07:01,293 INFO [nasdaq_ml.engine] Filtered to 10 folds with test_end > 2021-05-08
2026-05-08 16:07:01,552 INFO [nasdaq_ml.engine] Fold  61 [2020-09-27 – 2021-09-27]: RF=0.424 XGB=0.320
2026-05-08 16:07:01,831 INFO [nasdaq_ml.engine] Fold  62 [2021-03-27 – 2022-03-27]: RF=0.357 XGB=0.532
2026-05-08 16:07:02,101 INFO [nasdaq_ml.engine] Fold  63 [2021-09-27 – 2022-09-27]: RF=0.365 XGB=0.365
2026-05-08 16:07:02,398 INFO [nasdaq_ml.engine] Fold  64 [2022-03-27 – 2023-03-27]: RF=0.389 XGB=0.341
2026-05-08 16:07:02,679 INFO [nasdaq_ml.engine] Fold  65 [2022-09-27 – 2023-09-27]: RF=0.339 XGB=0.387
2026-05-08 16:07:02,979 INFO [nasdaq_ml.engine] Fold  66 [2023-03-27 – 2024-03-27]: RF=0.425 XGB=0.339
2026-05-08 16:07:03,313 INFO [nasdaq_ml.engine] Fold  67 [2023-09-27 – 2024-09-27]: RF=0.496 XGB=0.384
2026-05-08 16:07:03,594 INFO [nasdaq_ml.engine] Fold  68 [2024-03-27 – 2025-03-27]: RF=0.465 XGB=0.433
2026-05-08 16:07:03,875 INFO [nasdaq_ml.engine] Fold  69 [2024-09-27 – 2025-09-27]: RF=0.341 XGB=0.293
2026-05-08 16:07:04,152 INFO [nasdaq_ml.engine] Fold  70 [2025-03-27 – 2026-03-27]: RF=0.488 XGB=0.252
2026-05-08 16:07:04,162 INFO [nasdaq_ml.engine] Backtest complete: CAGR=-0.00% Sharpe=-3348.59 MaxDD=-0.00%
2026-05-08 16:13:14,758 INFO [nasdaq_ml.engine] Fold   0 [1990-03-27 – 1991-03-27]: RF=0.484 XGB=0.375
2026-05-08 16:13:15,021 INFO [nasdaq_ml.engine] Fold   1 [1990-09-27 – 1991-09-27]: RF=0.336 XGB=0.448
2026-05-08 16:13:15,295 INFO [nasdaq_ml.engine] Fold   2 [1991-03-27 – 1992-03-27]: RF=0.242 XGB=0.531
2026-05-08 16:13:15,568 INFO [nasdaq_ml.engine] Fold   3 [1991-09-27 – 1992-09-27]: RF=0.302 XGB=0.437
2026-05-08 16:13:15,836 INFO [nasdaq_ml.engine] Fold   4 [1992-03-27 – 1993-03-27]: RF=0.228 XGB=0.236
2026-05-08 16:13:16,107 INFO [nasdaq_ml.engine] Fold   5 [1992-09-27 – 1993-09-27]: RF=0.270 XGB=0.341
2026-05-08 16:13:16,438 INFO [nasdaq_ml.engine] Fold   6 [1993-03-27 – 1994-03-27]: RF=0.341 XGB=0.484
2026-05-08 16:13:16,721 INFO [nasdaq_ml.engine] Fold   7 [1993-09-27 – 1994-09-27]: RF=0.598 XGB=0.213
2026-05-08 16:13:16,995 INFO [nasdaq_ml.engine] Fold   8 [1994-03-27 – 1995-03-27]: RF=0.333 XGB=0.198
2026-05-08 16:13:17,322 INFO [nasdaq_ml.engine] Fold   9 [1994-09-27 – 1995-09-27]: RF=0.624 XGB=0.496
2026-05-08 16:13:17,617 INFO [nasdaq_ml.engine] Fold  10 [1995-03-27 – 1996-03-27]: RF=0.438 XGB=0.289
2026-05-08 16:13:17,886 INFO [nasdaq_ml.engine] Fold  11 [1995-09-27 – 1996-09-27]: RF=0.365 XGB=0.317
2026-05-08 16:13:18,178 INFO [nasdaq_ml.engine] Fold  12 [1996-03-27 – 1997-03-27]: RF=0.359 XGB=0.258
2026-05-08 16:13:18,480 INFO [nasdaq_ml.engine] Fold  13 [1996-09-27 – 1997-09-27]: RF=0.320 XGB=0.456
2026-05-08 16:13:18,775 INFO [nasdaq_ml.engine] Fold  14 [1997-03-27 – 1998-03-27]: RF=0.250 XGB=0.422
2026-05-08 16:13:19,046 INFO [nasdaq_ml.engine] Fold  15 [1997-09-27 – 1998-09-27]: RF=0.395 XGB=0.363
2026-05-08 16:13:19,313 INFO [nasdaq_ml.engine] Fold  16 [1998-03-27 – 1999-03-27]: RF=0.346 XGB=0.409
2026-05-08 16:13:19,597 INFO [nasdaq_ml.engine] Fold  17 [1998-09-27 – 1999-09-27]: RF=0.576 XGB=0.576
2026-05-08 16:13:19,903 INFO [nasdaq_ml.engine] Fold  18 [1999-03-27 – 2000-03-27]: RF=0.294 XGB=0.262
2026-05-08 16:13:20,172 INFO [nasdaq_ml.engine] Fold  19 [1999-09-27 – 2000-09-27]: RF=0.254 XGB=0.206
2026-05-08 16:13:20,447 INFO [nasdaq_ml.engine] Fold  20 [2000-03-27 – 2001-03-27]: RF=0.406 XGB=0.211
2026-05-08 16:13:20,717 INFO [nasdaq_ml.engine] Fold  21 [2000-09-27 – 2001-09-27]: RF=0.250 XGB=0.226
2026-05-08 16:13:20,997 INFO [nasdaq_ml.engine] Fold  22 [2001-03-27 – 2002-03-27]: RF=0.395 XGB=0.298
2026-05-08 16:13:21,275 INFO [nasdaq_ml.engine] Fold  23 [2001-09-27 – 2002-09-27]: RF=0.226 XGB=0.242
2026-05-08 16:13:21,577 INFO [nasdaq_ml.engine] Fold  24 [2002-03-27 – 2003-03-27]: RF=0.312 XGB=0.164
2026-05-08 16:13:21,841 INFO [nasdaq_ml.engine] Fold  25 [2002-09-27 – 2003-09-27]: RF=0.290 XGB=0.379
2026-05-08 16:13:22,119 INFO [nasdaq_ml.engine] Fold  26 [2003-03-27 – 2004-03-27]: RF=0.344 XGB=0.430
2026-05-08 16:13:22,387 INFO [nasdaq_ml.engine] Fold  27 [2003-09-27 – 2004-09-27]: RF=0.336 XGB=0.376
2026-05-08 16:13:22,667 INFO [nasdaq_ml.engine] Fold  28 [2004-03-27 – 2005-03-27]: RF=0.328 XGB=0.296
2026-05-08 16:13:22,946 INFO [nasdaq_ml.engine] Fold  29 [2004-09-27 – 2005-09-27]: RF=0.528 XGB=0.208
2026-05-08 16:13:23,217 INFO [nasdaq_ml.engine] Fold  30 [2005-03-27 – 2006-03-27]: RF=0.664 XGB=0.242
2026-05-08 16:13:23,494 INFO [nasdaq_ml.engine] Fold  31 [2005-09-27 – 2006-09-27]: RF=0.589 XGB=0.161
2026-05-08 16:13:23,785 INFO [nasdaq_ml.engine] Fold  32 [2006-03-27 – 2007-03-27]: RF=0.492 XGB=0.383
2026-05-08 16:13:24,059 INFO [nasdaq_ml.engine] Fold  33 [2006-09-27 – 2007-09-27]: RF=0.626 XGB=0.577
2026-05-08 16:13:24,345 INFO [nasdaq_ml.engine] Fold  34 [2007-03-27 – 2008-03-27]: RF=0.516 XGB=0.367
2026-05-08 16:13:24,615 INFO [nasdaq_ml.engine] Fold  35 [2007-09-27 – 2008-09-27]: RF=0.331 XGB=0.331
2026-05-08 16:13:24,889 INFO [nasdaq_ml.engine] Fold  36 [2008-03-27 – 2009-03-27]: RF=0.364 XGB=0.380
2026-05-08 16:13:25,160 INFO [nasdaq_ml.engine] Fold  37 [2008-09-27 – 2009-09-27]: RF=0.355 XGB=0.226
2026-05-08 16:13:25,435 INFO [nasdaq_ml.engine] Fold  38 [2009-03-27 – 2010-03-27]: RF=0.331 XGB=0.409
2026-05-08 16:13:25,751 INFO [nasdaq_ml.engine] Fold  39 [2009-09-27 – 2010-09-27]: RF=0.552 XGB=0.440
2026-05-08 16:13:26,029 INFO [nasdaq_ml.engine] Fold  40 [2010-03-27 – 2011-03-27]: RF=0.317 XGB=0.333
2026-05-08 16:13:26,298 INFO [nasdaq_ml.engine] Fold  41 [2010-09-27 – 2011-09-27]: RF=0.571 XGB=0.460
2026-05-08 16:13:26,585 INFO [nasdaq_ml.engine] Fold  42 [2011-03-27 – 2012-03-27]: RF=0.457 XGB=0.378
2026-05-08 16:13:26,858 INFO [nasdaq_ml.engine] Fold  43 [2011-09-27 – 2012-09-27]: RF=0.392 XGB=0.240
2026-05-08 16:13:27,164 INFO [nasdaq_ml.engine] Fold  44 [2012-03-27 – 2013-03-27]: RF=0.375 XGB=0.266
2026-05-08 16:13:27,433 INFO [nasdaq_ml.engine] Fold  45 [2012-09-27 – 2013-09-27]: RF=0.557 XGB=0.189
2026-05-08 16:13:27,721 INFO [nasdaq_ml.engine] Fold  46 [2013-03-27 – 2014-03-27]: RF=0.500 XGB=0.312
2026-05-08 16:13:27,993 INFO [nasdaq_ml.engine] Fold  47 [2013-09-27 – 2014-09-27]: RF=0.589 XGB=0.395
2026-05-08 16:13:28,280 INFO [nasdaq_ml.engine] Fold  48 [2014-03-27 – 2015-03-27]: RF=0.594 XGB=0.586
2026-05-08 16:13:28,616 INFO [nasdaq_ml.engine] Fold  49 [2014-09-27 – 2015-09-27]: RF=0.540 XGB=0.508
2026-05-08 16:13:28,889 INFO [nasdaq_ml.engine] Fold  50 [2015-03-27 – 2016-03-27]: RF=0.260 XGB=0.260
2026-05-08 16:13:29,186 INFO [nasdaq_ml.engine] Fold  51 [2015-09-27 – 2016-09-27]: RF=0.468 XGB=0.508
2026-05-08 16:13:29,448 INFO [nasdaq_ml.engine] Fold  52 [2016-03-27 – 2017-03-27]: RF=0.484 XGB=0.422
2026-05-08 16:13:29,724 INFO [nasdaq_ml.engine] Fold  53 [2016-09-27 – 2017-09-27]: RF=0.411 XGB=0.185
2026-05-08 16:13:30,003 INFO [nasdaq_ml.engine] Fold  54 [2017-03-27 – 2018-03-27]: RF=0.703 XGB=0.125
2026-05-08 16:13:30,279 INFO [nasdaq_ml.engine] Fold  55 [2017-09-27 – 2018-09-27]: RF=0.556 XGB=0.460
2026-05-08 16:13:30,594 INFO [nasdaq_ml.engine] Fold  56 [2018-03-27 – 2019-03-27]: RF=0.547 XGB=0.633
2026-05-08 16:13:30,862 INFO [nasdaq_ml.engine] Fold  57 [2018-09-27 – 2019-09-27]: RF=0.431 XGB=0.439
2026-05-08 16:13:31,138 INFO [nasdaq_ml.engine] Fold  58 [2019-03-27 – 2020-03-27]: RF=0.477 XGB=0.531
2026-05-08 16:13:31,419 INFO [nasdaq_ml.engine] Fold  59 [2019-09-27 – 2020-09-27]: RF=0.416 XGB=0.504
2026-05-08 16:13:31,757 INFO [nasdaq_ml.engine] Fold  60 [2020-03-27 – 2021-03-27]: RF=0.386 XGB=0.276
2026-05-08 16:13:32,024 INFO [nasdaq_ml.engine] Fold  61 [2020-09-27 – 2021-09-27]: RF=0.424 XGB=0.320
2026-05-08 16:13:32,300 INFO [nasdaq_ml.engine] Fold  62 [2021-03-27 – 2022-03-27]: RF=0.357 XGB=0.532
2026-05-08 16:13:32,573 INFO [nasdaq_ml.engine] Fold  63 [2021-09-27 – 2022-09-27]: RF=0.365 XGB=0.365
2026-05-08 16:13:32,849 INFO [nasdaq_ml.engine] Fold  64 [2022-03-27 – 2023-03-27]: RF=0.389 XGB=0.341
2026-05-08 16:13:33,124 INFO [nasdaq_ml.engine] Fold  65 [2022-09-27 – 2023-09-27]: RF=0.339 XGB=0.387
2026-05-08 16:13:33,403 INFO [nasdaq_ml.engine] Fold  66 [2023-03-27 – 2024-03-27]: RF=0.425 XGB=0.339
2026-05-08 16:13:33,682 INFO [nasdaq_ml.engine] Fold  67 [2023-09-27 – 2024-09-27]: RF=0.496 XGB=0.384
2026-05-08 16:13:33,970 INFO [nasdaq_ml.engine] Fold  68 [2024-03-27 – 2025-03-27]: RF=0.465 XGB=0.433
2026-05-08 16:13:34,239 INFO [nasdaq_ml.engine] Fold  69 [2024-09-27 – 2025-09-27]: RF=0.341 XGB=0.293
2026-05-08 16:13:34,512 INFO [nasdaq_ml.engine] Fold  70 [2025-03-27 – 2026-03-27]: RF=0.488 XGB=0.252
2026-05-08 16:13:34,559 INFO [nasdaq_ml.engine] Backtest complete: CAGR=0.00% Sharpe=-326.26 MaxDD=-0.04%
2026-05-08 16:16:47,754 INFO [nasdaq_ml.engine] Fold   0 [1990-03-27 – 1991-03-27]: RF=0.484 XGB=0.375 LSTM=0.382
2026-05-08 16:16:53,809 INFO [nasdaq_ml.engine] Fold   1 [1990-09-27 – 1991-09-27]: RF=0.336 XGB=0.448 LSTM=0.338
2026-05-08 16:16:59,583 INFO [nasdaq_ml.engine] Fold   2 [1991-03-27 – 1992-03-27]: RF=0.242 XGB=0.531 LSTM=0.588
2026-05-08 16:17:06,335 INFO [nasdaq_ml.engine] Fold   3 [1991-09-27 – 1992-09-27]: RF=0.302 XGB=0.437 LSTM=0.424
2026-05-08 16:17:11,003 INFO [nasdaq_ml.engine] Fold   4 [1992-03-27 – 1993-03-27]: RF=0.228 XGB=0.236 LSTM=0.507
2026-05-08 16:17:15,645 INFO [nasdaq_ml.engine] Fold   5 [1992-09-27 – 1993-09-27]: RF=0.270 XGB=0.341 LSTM=0.470
2026-05-08 16:17:21,716 INFO [nasdaq_ml.engine] Fold   6 [1993-03-27 – 1994-03-27]: RF=0.341 XGB=0.484 LSTM=0.667
2026-05-08 16:17:26,895 INFO [nasdaq_ml.engine] Fold   7 [1993-09-27 – 1994-09-27]: RF=0.598 XGB=0.213 LSTM=0.716
2026-05-08 16:17:36,312 INFO [nasdaq_ml.engine] Fold   8 [1994-03-27 – 1995-03-27]: RF=0.333 XGB=0.198 LSTM=0.621
2026-05-08 16:17:44,009 INFO [nasdaq_ml.engine] Fold   9 [1994-09-27 – 1995-09-27]: RF=0.624 XGB=0.496 LSTM=0.708
2026-05-08 16:17:48,717 INFO [nasdaq_ml.engine] Fold  10 [1995-03-27 – 1996-03-27]: RF=0.438 XGB=0.289 LSTM=0.382
2026-05-08 16:17:54,398 INFO [nasdaq_ml.engine] Fold  11 [1995-09-27 – 1996-09-27]: RF=0.365 XGB=0.317 LSTM=0.439
2026-05-08 16:17:59,828 INFO [nasdaq_ml.engine] Fold  12 [1996-03-27 – 1997-03-27]: RF=0.359 XGB=0.258 LSTM=0.500
2026-05-08 16:18:04,649 INFO [nasdaq_ml.engine] Fold  13 [1996-09-27 – 1997-09-27]: RF=0.320 XGB=0.456 LSTM=0.277
2026-05-08 16:18:11,156 INFO [nasdaq_ml.engine] Fold  14 [1997-03-27 – 1998-03-27]: RF=0.250 XGB=0.422 LSTM=0.588
2026-05-08 16:18:18,873 INFO [nasdaq_ml.engine] Fold  15 [1997-09-27 – 1998-09-27]: RF=0.395 XGB=0.363 LSTM=0.484
2026-05-08 16:18:27,487 INFO [nasdaq_ml.engine] Fold  16 [1998-03-27 – 1999-03-27]: RF=0.346 XGB=0.409 LSTM=0.388
2026-05-08 16:18:32,296 INFO [nasdaq_ml.engine] Fold  17 [1998-09-27 – 1999-09-27]: RF=0.576 XGB=0.576 LSTM=0.308
2026-05-08 16:18:37,149 INFO [nasdaq_ml.engine] Fold  18 [1999-03-27 – 2000-03-27]: RF=0.294 XGB=0.262 LSTM=0.318
2026-05-08 16:18:41,967 INFO [nasdaq_ml.engine] Fold  19 [1999-09-27 – 2000-09-27]: RF=0.254 XGB=0.206 LSTM=0.273
2026-05-08 16:18:48,335 INFO [nasdaq_ml.engine] Fold  20 [2000-03-27 – 2001-03-27]: RF=0.406 XGB=0.211 LSTM=0.368
2026-05-08 16:18:53,262 INFO [nasdaq_ml.engine] Fold  21 [2000-09-27 – 2001-09-27]: RF=0.250 XGB=0.226 LSTM=0.250
2026-05-08 16:18:57,688 INFO [nasdaq_ml.engine] Fold  22 [2001-03-27 – 2002-03-27]: RF=0.395 XGB=0.298 LSTM=0.250
2026-05-08 16:19:02,930 INFO [nasdaq_ml.engine] Fold  23 [2001-09-27 – 2002-09-27]: RF=0.226 XGB=0.242 LSTM=0.250
2026-05-08 16:19:08,088 INFO [nasdaq_ml.engine] Fold  24 [2002-03-27 – 2003-03-27]: RF=0.312 XGB=0.164 LSTM=0.176
2026-05-08 16:19:14,712 INFO [nasdaq_ml.engine] Fold  25 [2002-09-27 – 2003-09-27]: RF=0.290 XGB=0.379 LSTM=0.250
2026-05-08 16:19:19,188 INFO [nasdaq_ml.engine] Fold  26 [2003-03-27 – 2004-03-27]: RF=0.344 XGB=0.430 LSTM=0.456
2026-05-08 16:19:26,530 INFO [nasdaq_ml.engine] Fold  27 [2003-09-27 – 2004-09-27]: RF=0.336 XGB=0.376 LSTM=0.323
2026-05-08 16:19:30,942 INFO [nasdaq_ml.engine] Fold  28 [2004-03-27 – 2005-03-27]: RF=0.328 XGB=0.296 LSTM=0.262
2026-05-08 16:19:35,562 INFO [nasdaq_ml.engine] Fold  29 [2004-09-27 – 2005-09-27]: RF=0.528 XGB=0.208 LSTM=0.246
2026-05-08 16:19:42,794 INFO [nasdaq_ml.engine] Fold  30 [2005-03-27 – 2006-03-27]: RF=0.664 XGB=0.242 LSTM=0.309
2026-05-08 16:19:50,669 INFO [nasdaq_ml.engine] Fold  31 [2005-09-27 – 2006-09-27]: RF=0.589 XGB=0.161 LSTM=0.422
2026-05-08 16:19:56,590 INFO [nasdaq_ml.engine] Fold  32 [2006-03-27 – 2007-03-27]: RF=0.492 XGB=0.383 LSTM=0.529
2026-05-08 16:20:03,221 INFO [nasdaq_ml.engine] Fold  33 [2006-09-27 – 2007-09-27]: RF=0.626 XGB=0.577 LSTM=0.667
2026-05-08 16:20:10,405 INFO [nasdaq_ml.engine] Fold  34 [2007-03-27 – 2008-03-27]: RF=0.516 XGB=0.367 LSTM=0.456
2026-05-08 16:20:16,266 INFO [nasdaq_ml.engine] Fold  35 [2007-09-27 – 2008-09-27]: RF=0.331 XGB=0.331 LSTM=0.359
2026-05-08 16:20:21,392 INFO [nasdaq_ml.engine] Fold  36 [2008-03-27 – 2009-03-27]: RF=0.364 XGB=0.380 LSTM=0.362
2026-05-08 16:20:26,566 INFO [nasdaq_ml.engine] Fold  37 [2008-09-27 – 2009-09-27]: RF=0.355 XGB=0.226 LSTM=0.438
2026-05-08 16:20:32,546 INFO [nasdaq_ml.engine] Fold  38 [2009-03-27 – 2010-03-27]: RF=0.331 XGB=0.409 LSTM=0.313
2026-05-08 16:20:37,109 INFO [nasdaq_ml.engine] Fold  39 [2009-09-27 – 2010-09-27]: RF=0.552 XGB=0.440 LSTM=0.508
2026-05-08 16:20:43,095 INFO [nasdaq_ml.engine] Fold  40 [2010-03-27 – 2011-03-27]: RF=0.317 XGB=0.333 LSTM=0.348
2026-05-08 16:20:47,556 INFO [nasdaq_ml.engine] Fold  41 [2010-09-27 – 2011-09-27]: RF=0.571 XGB=0.460 LSTM=0.530
2026-05-08 16:20:57,818 INFO [nasdaq_ml.engine] Fold  42 [2011-03-27 – 2012-03-27]: RF=0.457 XGB=0.378 LSTM=0.433
2026-05-08 16:21:06,554 INFO [nasdaq_ml.engine] Fold  43 [2011-09-27 – 2012-09-27]: RF=0.392 XGB=0.240 LSTM=0.523
2026-05-08 16:21:11,754 INFO [nasdaq_ml.engine] Fold  44 [2012-03-27 – 2013-03-27]: RF=0.375 XGB=0.266 LSTM=0.544
2026-05-08 16:21:18,978 INFO [nasdaq_ml.engine] Fold  45 [2012-09-27 – 2013-09-27]: RF=0.557 XGB=0.189 LSTM=0.774
2026-05-08 16:21:26,354 INFO [nasdaq_ml.engine] Fold  46 [2013-03-27 – 2014-03-27]: RF=0.500 XGB=0.312 LSTM=0.515
2026-05-08 16:21:31,407 INFO [nasdaq_ml.engine] Fold  47 [2013-09-27 – 2014-09-27]: RF=0.589 XGB=0.395 LSTM=0.594
2026-05-08 16:21:36,035 INFO [nasdaq_ml.engine] Fold  48 [2014-03-27 – 2015-03-27]: RF=0.594 XGB=0.586 LSTM=0.676
2026-05-08 16:21:43,649 INFO [nasdaq_ml.engine] Fold  49 [2014-09-27 – 2015-09-27]: RF=0.540 XGB=0.508 LSTM=0.469
2026-05-08 16:21:48,762 INFO [nasdaq_ml.engine] Fold  50 [2015-03-27 – 2016-03-27]: RF=0.260 XGB=0.260 LSTM=0.418
2026-05-08 16:21:54,790 INFO [nasdaq_ml.engine] Fold  51 [2015-09-27 – 2016-09-27]: RF=0.468 XGB=0.508 LSTM=0.344
2026-05-08 16:21:59,217 INFO [nasdaq_ml.engine] Fold  52 [2016-03-27 – 2017-03-27]: RF=0.484 XGB=0.422 LSTM=0.779
2026-05-08 16:22:05,234 INFO [nasdaq_ml.engine] Fold  53 [2016-09-27 – 2017-09-27]: RF=0.411 XGB=0.185 LSTM=0.781
2026-05-08 16:22:10,443 INFO [nasdaq_ml.engine] Fold  54 [2017-03-27 – 2018-03-27]: RF=0.703 XGB=0.125 LSTM=0.750
2026-05-08 16:22:15,827 INFO [nasdaq_ml.engine] Fold  55 [2017-09-27 – 2018-09-27]: RF=0.556 XGB=0.460 LSTM=0.359
2026-05-08 16:22:20,236 INFO [nasdaq_ml.engine] Fold  56 [2018-03-27 – 2019-03-27]: RF=0.547 XGB=0.633 LSTM=0.632
2026-05-08 16:22:26,937 INFO [nasdaq_ml.engine] Fold  57 [2018-09-27 – 2019-09-27]: RF=0.431 XGB=0.439 LSTM=0.587
2026-05-08 16:22:32,323 INFO [nasdaq_ml.engine] Fold  58 [2019-03-27 – 2020-03-27]: RF=0.477 XGB=0.531 LSTM=0.559
2026-05-08 16:22:36,815 INFO [nasdaq_ml.engine] Fold  59 [2019-09-27 – 2020-09-27]: RF=0.416 XGB=0.504 LSTM=0.369
2026-05-08 16:22:44,879 INFO [nasdaq_ml.engine] Fold  60 [2020-03-27 – 2021-03-27]: RF=0.386 XGB=0.276 LSTM=0.418
2026-05-08 16:22:54,149 INFO [nasdaq_ml.engine] Fold  61 [2020-09-27 – 2021-09-27]: RF=0.424 XGB=0.320 LSTM=0.262
2026-05-08 16:23:00,593 INFO [nasdaq_ml.engine] Fold  62 [2021-03-27 – 2022-03-27]: RF=0.357 XGB=0.532 LSTM=0.197
2026-05-08 16:23:05,173 INFO [nasdaq_ml.engine] Fold  63 [2021-09-27 – 2022-09-27]: RF=0.365 XGB=0.365 LSTM=0.288
2026-05-08 16:23:09,701 INFO [nasdaq_ml.engine] Fold  64 [2022-03-27 – 2023-03-27]: RF=0.389 XGB=0.341 LSTM=0.258
2026-05-08 16:23:14,585 INFO [nasdaq_ml.engine] Fold  65 [2022-09-27 – 2023-09-27]: RF=0.339 XGB=0.387 LSTM=0.438
2026-05-08 16:23:20,330 INFO [nasdaq_ml.engine] Fold  66 [2023-03-27 – 2024-03-27]: RF=0.425 XGB=0.339 LSTM=0.343
2026-05-08 16:23:25,048 INFO [nasdaq_ml.engine] Fold  67 [2023-09-27 – 2024-09-27]: RF=0.496 XGB=0.384 LSTM=0.569
2026-05-08 16:23:29,404 INFO [nasdaq_ml.engine] Fold  68 [2024-03-27 – 2025-03-27]: RF=0.465 XGB=0.433 LSTM=0.328
2026-05-08 16:23:34,089 INFO [nasdaq_ml.engine] Fold  69 [2024-09-27 – 2025-09-27]: RF=0.341 XGB=0.293 LSTM=0.413
2026-05-08 16:23:39,417 INFO [nasdaq_ml.engine] Fold  70 [2025-03-27 – 2026-03-27]: RF=0.488 XGB=0.252 LSTM=0.582
2026-05-08 16:23:39,464 INFO [nasdaq_ml.engine] Backtest complete: CAGR=0.00% Sharpe=-419.58 MaxDD=-0.04%
2026-05-09 00:16:08,089 INFO [nasdaq_ml.engine] Filtered to 10 folds with test_end > 2021-05-09
2026-05-09 00:16:09,574 INFO [nasdaq_ml.engine] Fold  61 [2020-09-27 – 2021-09-27]: RF=0.424 XGB=0.320 LSTM=0.262
2026-05-09 00:16:10,145 INFO [nasdaq_ml.engine] Fold  62 [2021-03-27 – 2022-03-27]: RF=0.357 XGB=0.532 LSTM=0.197
2026-05-09 00:16:10,602 INFO [nasdaq_ml.engine] Fold  63 [2021-09-27 – 2022-09-27]: RF=0.365 XGB=0.365 LSTM=0.288
2026-05-09 00:16:11,021 INFO [nasdaq_ml.engine] Fold  64 [2022-03-27 – 2023-03-27]: RF=0.389 XGB=0.341 LSTM=0.258
2026-05-09 00:16:11,467 INFO [nasdaq_ml.engine] Fold  65 [2022-09-27 – 2023-09-27]: RF=0.339 XGB=0.387 LSTM=0.438
2026-05-09 00:16:11,916 INFO [nasdaq_ml.engine] Fold  66 [2023-03-27 – 2024-03-27]: RF=0.425 XGB=0.339 LSTM=0.343
2026-05-09 00:16:12,349 INFO [nasdaq_ml.engine] Fold  67 [2023-09-27 – 2024-09-27]: RF=0.496 XGB=0.384 LSTM=0.569
2026-05-09 00:16:12,739 INFO [nasdaq_ml.engine] Fold  68 [2024-03-27 – 2025-03-27]: RF=0.465 XGB=0.433 LSTM=0.328
2026-05-09 00:16:13,334 INFO [nasdaq_ml.engine] Fold  69 [2024-09-27 – 2025-09-27]: RF=0.341 XGB=0.293 LSTM=0.413
2026-05-09 00:16:13,813 INFO [nasdaq_ml.engine] Fold  70 [2025-03-27 – 2026-03-27]: RF=0.488 XGB=0.252 LSTM=0.582
2026-05-09 00:16:13,825 INFO [nasdaq_ml.engine] Backtest complete: CAGR=0.00% Sharpe=0.00 MaxDD=0.00%
2026-05-10 12:05:27,641 INFO [nasdaq_ml.engine] Filtered to 10 folds with test_end > 2021-05-10
2026-05-10 12:05:28,099 INFO [nasdaq_ml.engine] Fold  61 [2020-09-27 – 2021-09-27]: RF=0.424 XGB=0.320 LSTM=0.262
2026-05-10 12:05:28,617 INFO [nasdaq_ml.engine] Fold  62 [2021-03-27 – 2022-03-27]: RF=0.357 XGB=0.532 LSTM=0.197
2026-05-10 12:05:29,266 INFO [nasdaq_ml.engine] Fold  63 [2021-09-27 – 2022-09-27]: RF=0.365 XGB=0.365 LSTM=0.288
2026-05-10 12:05:29,679 INFO [nasdaq_ml.engine] Fold  64 [2022-03-27 – 2023-03-27]: RF=0.389 XGB=0.341 LSTM=0.258
2026-05-10 12:05:30,042 INFO [nasdaq_ml.engine] Fold  65 [2022-09-27 – 2023-09-27]: RF=0.339 XGB=0.387 LSTM=0.438
2026-05-10 12:05:30,459 INFO [nasdaq_ml.engine] Fold  66 [2023-03-27 – 2024-03-27]: RF=0.425 XGB=0.339 LSTM=0.343
2026-05-10 12:05:30,890 INFO [nasdaq_ml.engine] Fold  67 [2023-09-27 – 2024-09-27]: RF=0.496 XGB=0.384 LSTM=0.569
2026-05-10 12:05:31,281 INFO [nasdaq_ml.engine] Fold  68 [2024-03-27 – 2025-03-27]: RF=0.465 XGB=0.433 LSTM=0.328
2026-05-10 12:05:31,703 INFO [nasdaq_ml.engine] Fold  69 [2024-09-27 – 2025-09-27]: RF=0.341 XGB=0.293 LSTM=0.413
2026-05-10 12:05:32,133 INFO [nasdaq_ml.engine] Fold  70 [2025-03-27 – 2026-03-27]: RF=0.488 XGB=0.252 LSTM=0.582
2026-05-10 12:05:32,141 INFO [nasdaq_ml.engine] Backtest complete: CAGR=0.00% Sharpe=0.00 MaxDD=0.00%
